[36m
================================================================================[0m
[36m🚀 QUICK CHATBOX TEST SUITE[0m
[36m================================================================================[0m
[34mEndpoint: https://www.harmoniqfengshui.com/api/smart-chat2[0m
[34mTimeout: 20000ms[0m
[36m================================================================================
[0m
[33m📋 TEST 1: Greeting Flow[0m
[32m✅ Pass: Got greeting response[0m
[34m   Response: 你好呀～我是小鈴！✨ 很高興認識你！

我是解難專家，可以幫你分析人生各方面的問題和運勢。無論你在感情、工作、財運或健康方面遇到什麼問題，我都很樂意為你提供分析和建議！

你現在有什麼特別想了解的問題...[0m
[33m
📋 TEST 2: Emotion Flow[0m
[32m✅ Pass: Emotion flow triggered[0m
[34m   Response: 💕 您好！感情問題確實是很多人關心的重點呢。無論是單身想找對象、正在戀愛中遇到困擾，還是婚姻關係需要改善，我都可以從命理角度為您分析感情運勢。請問您想了解哪方面的感情問題呢？比如桃花運、現有關係發展，或是復合可能性？

為了提供最適合的分析，請選擇：

1️⃣ 個人感情分析
- 分析你的桃花運勢和...[0m
[33m
📋 TEST 3: Couple Analysis Flow[0m
[32m✅ Pass: Couple analysis flow triggered[0m
[34m   Response: 💕 您好！合盤分析是了解兩人緣分深淺、相處模式及未來發展潛力的重要方式。無論是情侶、夫妻還是潛在伴侶，透過命盤比對都能提供寶貴的參考。請問您是想分析與特定對象的合盤嗎？可以告訴我更多關於您們的關係狀況，這樣我能提供更精準的分析建議。

為了提供最適合的分析，請選擇：

1️⃣ 個人感情分析
- 分...[0m
[33m
📋 TEST 4: Career Flow[0m
[31m❌ Fail: Request timeout[0m
[33m
📋 TEST 5: Markdown Cleaning[0m
[31m❌ Fail: Request timeout[0m
[33m
📋 TEST 6: Simplified Chinese (zh-CN)[0m
[33m⚠️  Warning: Response may not be in simplified Chinese[0m
[34m   Response: 你好呀～我是小鈴！✨ 很高興認識你！

我是解難專家，可以幫你分析人生各方面的問題和運勢。無論你在感情、工作、財運或健康方面遇到什麼問題，我都很樂意為你提供分析和建議！

你現在有什麼特別想了解的問題...[0m
[33m
📋 TEST 7: Out of Scope Handling[0m
[31m❌ Fail: Request timeout[0m
[36m
================================================================================[0m
[36m📊 TEST SUMMARY[0m
[36m================================================================================[0m
[34mTotal Tests: 7[0m
[32m✅ Passed: 3[0m
[31m❌ Failed: 4[0m
[33mSuccess Rate: 42.9%[0m
[36m================================================================================
[0m
